<?xml version="1.0" encoding="UTF-8" standalone="yes" ?>

<inet:Report xmlns:inet="http://www.inetsoftware.de" major_version="8" minor_version="0" major_xml_version="7" minor_xml_version="9" count="3" id="0">
    <Datasource dll="pklsianok_configuration.dll">
      <DataSourceConfiguration name="pklsianok">
        <property name="aliasToken" value=""/>
        <property name="useCursorFetch" value="false"/>
        <property name="emulateLocators" value="false"/>
        <property name="host" value="localhost"/>
        <property name="noTimezoneConversionForTimeType" value="false"/>
        <property name="url" value="jdbc:mysql://{host}:{port}/{database}"/>
        <property name="connectionCollation" value=""/>
        <property name="prepStmtCacheSize" value="25"/>
        <property name="databaseClassName" value=""/>
        <property name="locatorFetchBufferSize" value="1048576"/>
        <property name="supportsOrderBy" value="true"/>
        <property name="defaultFetchSize" value="0"/>
        <property name="supportsSQL92" value="true"/>
        <property name="maxRows" value="-1"/>
        <property name="prepStmtCacheSqlLimit" value="256"/>
        <property name="paranoid" value="false"/>
        <property name="characterEncoding" value=""/>
        <property name="metadataCacheSize" value="50"/>
        <property name="dynamicCalendars" value="false"/>
        <property name="connectTimeout" value="0"/>
        <property name="blobSendChunkSize" value="1048576"/>
        <property name="validationQuery" value=""/>
        <property name="zeroDateTimeBehavior" value="exception"/>
        <property name="sessionVariables" value=""/>
        <property name="useFastIntParsing" value="true"/>
        <property name="useReadAheadInput" value="true"/>
        <property name="driverLibrary" value=""/>
        <property name="useGmtMillisForDatetimes" value="false"/>
        <property name="useCompression" value="false"/>
        <property name="clobCharacterEncoding" value=""/>
        <property name="useUnicode" value="true"/>
        <property name="driverClassName" value="com.mysql.jdbc.Driver"/>
        <property name="user" value="root"/>
        <property name="autoDeserialize" value="false"/>
        <property name="supportsWhere" value="true"/>
        <property name="emptyStringsConvertToZero" value="true"/>
        <property name="password" value="0090700312B30898CF4ED0372395351FE09070AA1516293FB81B7566A223F30AFA"/>
        <property name="cacheCallableStmts" value="false"/>
        <property name="identifierQuoteString" value=""/>
        <property name="port" value="3306"/>
        <property name="quotesLowerCase" value="false"/>
        <property name="useTimezone" value="false"/>
        <property name="socketTimeout" value="0"/>
        <property name="database" value="dbsianok"/>
        <property name="requireSSL" value="false"/>
        <property name="useSSL" value="false"/>
        <property name="serverTimezone" value=""/>
        <property name="supportsParenthesesForJoin" value="true"/>
        <property name="savePassword" value="true"/>
      </DataSourceConfiguration>
      <Tablesource alias="penjualan" databaseIdentifier="penjualan">
        <Column name="no_faktur" type="11" description="no_faktur" />
        <Column name="tanggal" type="11" description="tanggal" />
        <Column name="kd_costomer" type="11" description="kd_costomer" />
        <Column name="nm_costumer" type="11" description="nm_costumer" />
        <Column name="kd_barang" type="11" description="kd_barang" />
        <Column name="nm_barang" type="11" description="nm_barang" />
        <Column name="harga_jual" type="6" description="harga_jual" />
        <Column name="stock" type="6" description="stock" />
        <Column name="jumlah" type="6" description="jumlah" />
        <Column name="totalharga" type="6" description="totalharga" />
        <Column name="bayar" type="6" description="bayar" />
        <Column name="sisa" type="6" description="sisa" />
        <Column name="stock_akhir" type="6" description="stock_akhir" />
      </Tablesource>
    </Datasource>
  <Database>
    <QueryChanges mask="0" count="2">
      <Attribute name="queryChange" value="null"/>
      <Attribute name="queryChange" value="null"/>
    </QueryChanges>
  </Database>
  <FormulaFields count="0">
  </FormulaFields>

  <PromptFields count="0">
  </PromptFields>

  <SQLFields count="0">
  </SQLFields>

  <SortFields count="0">
  </SortFields>

  <ReportProperties>
    <Attribute name="page width" value="12240"/>
    <Attribute name="page height" value="15840"/>
    <Attribute name="page orientation" value="1"/>
    <Attribute name="page margin left" value="720"/>
    <Attribute name="page margin right" value="720"/>
    <Attribute name="page margin top" value="720"/>
    <Attribute name="page margin bottom" value="720"/>
    <Attribute name="report title" value="Report1"/>
    <Attribute name="report last saved" value="18 Dec 2018 03:25:51 GMT"/>
    <Attribute name="report created" value="18 Dec 2018 03:16:38 GMT"/>
    <Attribute name="mailing label type 1" value=""/>
    <Attribute name="mailing label type 2" value=""/>
    <Attribute name="format with multiple columns" value="false"/>
    <Attribute name="mailing label width" value="0"/>
    <Attribute name="mailing label height" value="0"/>
    <Attribute name="mailing label distance vertical" value="0"/>
    <Attribute name="mailing label distance horizontal" value="0"/>
    <Attribute name="across then down" value="false"/>
    <Attribute name="format groups with multiple columns" value="false"/>
    <Attribute name="distinct" value="false"/>
    <Attribute name="ignore filtering" value="false"/>
    <Attribute name="ignore sorting" value="false"/>
    <Attribute name="convert date time" value="0"/>
    <Attribute name="suppress if no rows" value="false"/>
    <Attribute name="convert null values to default" value="false"/>
    <Attribute name="hide PageFooter inside ReportHeader" value="false"/>
    <Attribute name="form print" value="false"/>
    <Attribute name="printing enabled" value="true"/>
    <Attribute name="clipboard enabled" value="true"/>
    <Attribute name="export enabled" value="true"/>
    <Attribute name="group tree visible" value="true"/>
  </ReportProperties>
  <AreaPair type="PageAreaPair" id="0">
    <Area type="PageHeader" count="1">
      <Section type="PageHeader" count="15" width="10800" height="4050" id="0">
        <SectionProperties>
          <Attribute name="background color" value="12704734"/>
        </SectionProperties>
        <Element type="Box" x2_position="10800" y2_position="3990" x_position="120" y_position="0" width="0" height="0">
          <BoxProperties>
            <Attribute name="background color" value="8957077"/>
            <Attribute name="close border on page break" value="true"/>
          </BoxProperties>
        </Element>
        <Element type="FieldElement" x_position="6900" y_position="300" width="1500" height="240">
          <CommonProperties>
            <Attribute name="horizontal align" value="1"/>
          </CommonProperties>
          <Reference name="field" type="DatabaseField" refname="penjualan.no_faktur"/>
        </Element>
        <Element type="FieldElement" x_position="6900" y_position="750" width="1500" height="240">
          <CommonProperties>
            <Attribute name="horizontal align" value="1"/>
          </CommonProperties>
          <Reference name="field" type="DatabaseField" refname="penjualan.tanggal"/>
        </Element>
        <Element type="FieldElement" x_position="6900" y_position="1200" width="1500" height="240">
          <CommonProperties>
            <Attribute name="horizontal align" value="1"/>
          </CommonProperties>
          <Reference name="field" type="DatabaseField" refname="penjualan.nm_costumer"/>
        </Element>
        <Element type="FieldElement" x_position="6900" y_position="1650" width="1500" height="240">
          <CommonProperties>
            <Attribute name="horizontal align" value="1"/>
          </CommonProperties>
          <Reference name="field" type="DatabaseField" refname="penjualan.nm_barang"/>
        </Element>
        <Element type="FieldElement" x_position="6900" y_position="2100" width="750" height="240">
          <CommonProperties>
            <Attribute name="horizontal align" value="3"/>
          </CommonProperties>
          <NumberProperties>
            <Attribute name="thousand seperators symbol" value=","/>
            <Attribute name="decimal seperators symbol" value="."/>
            <Attribute name="currency symbol" value="$"/>
          </NumberProperties>
          <Reference name="field" type="DatabaseField" refname="penjualan.totalharga"/>
        </Element>
        <Element type="FieldElement" x_position="6900" y_position="2550" width="750" height="240">
          <CommonProperties>
            <Attribute name="horizontal align" value="3"/>
          </CommonProperties>
          <NumberProperties>
            <Attribute name="thousand seperators symbol" value=","/>
            <Attribute name="decimal seperators symbol" value="."/>
            <Attribute name="currency symbol" value="$"/>
          </NumberProperties>
          <Reference name="field" type="DatabaseField" refname="penjualan.bayar"/>
        </Element>
        <Element type="FieldElement" x_position="6900" y_position="3000" width="750" height="240">
          <CommonProperties>
            <Attribute name="horizontal align" value="3"/>
          </CommonProperties>
          <NumberProperties>
            <Attribute name="thousand seperators symbol" value=","/>
            <Attribute name="decimal seperators symbol" value="."/>
            <Attribute name="currency symbol" value="$"/>
          </NumberProperties>
          <Reference name="field" type="DatabaseField" refname="penjualan.sisa"/>
        </Element>
        <Element type="Text" count="1" x_position="600" y_position="450" width="1200" height="300">
          <Element type="Paragraph" count="1">
            <CommonProperties>
              <Attribute name="horizontal align" value="1"/>
            </CommonProperties>
            <Element type="TextPart">
            <![CDATA[No.Faktur]]>
            </Element>
          </Element>
        </Element>
        <Element type="Text" count="1" x_position="600" y_position="900" width="1200" height="300">
          <Element type="Paragraph" count="1">
            <CommonProperties>
              <Attribute name="horizontal align" value="1"/>
            </CommonProperties>
            <Element type="TextPart">
            <![CDATA[Tanggal]]>
            </Element>
          </Element>
        </Element>
        <Element type="Text" count="1" x_position="600" y_position="1350" width="1350" height="300">
          <Element type="Paragraph" count="1">
            <CommonProperties>
              <Attribute name="horizontal align" value="1"/>
            </CommonProperties>
            <Element type="TextPart">
            <![CDATA[nama]]>
            </Element>
          </Element>
        </Element>
        <Element type="Text" count="1" x_position="600" y_position="1800" width="1350" height="300">
          <Element type="Paragraph" count="1">
            <CommonProperties>
              <Attribute name="horizontal align" value="1"/>
            </CommonProperties>
            <Element type="TextPart">
            <![CDATA[barang]]>
            </Element>
          </Element>
        </Element>
        <Element type="Text" count="1" x_position="600" y_position="2250" width="1200" height="300">
          <Element type="Paragraph" count="1">
            <CommonProperties>
              <Attribute name="horizontal align" value="1"/>
            </CommonProperties>
            <Element type="TextPart">
            <![CDATA[total]]>
            </Element>
          </Element>
        </Element>
        <Element type="Text" count="1" x_position="600" y_position="2700" width="1200" height="300">
          <Element type="Paragraph" count="1">
            <CommonProperties>
              <Attribute name="horizontal align" value="1"/>
            </CommonProperties>
            <Element type="TextPart">
            <![CDATA[bayar]]>
            </Element>
          </Element>
        </Element>
        <Element type="Text" count="1" x_position="600" y_position="3150" width="1200" height="300">
          <Element type="Paragraph" count="1">
            <CommonProperties>
              <Attribute name="horizontal align" value="1"/>
            </CommonProperties>
            <Element type="TextPart">
            <![CDATA[sisa]]>
            </Element>
          </Element>
        </Element>
      </Section>
    </Area>
    <Area type="PageFooter" count="1">
      <Section type="PageFooter" count="0" width="10800" height="800" id="1">
        <SectionProperties>
          <Attribute name="suppress" value="true"/>
        </SectionProperties>
      </Section>
    </Area>
  </AreaPair>

  <AreaPair type="ReportAreaPair" id="0">
    <Area type="ReportHeader" count="2">
      <Section type="ReportHeader" count="1" width="10800" height="800" id="2">
        <SectionProperties>
          <Attribute name="background color" value="12704734"/>
        </SectionProperties>
        <Element type="FieldElement" x_position="113" y_position="113" width="4407" height="678">
          <CommonProperties>
            <Attribute name="horizontal align" value="1"/>
          </CommonProperties>
          <FontProperties>
            <Attribute name="font name" value="Verdana"/>
            <Attribute name="font size" value="480"/>
            <Attribute name="font color" value="7105644"/>
            <Attribute name="font style" value="1"/>
          </FontProperties>
          <Reference name="field" type="SpecialVarField" id="6"/>
        </Element>
      </Section>
      <Section type="ReportHeader" count="2" width="10800" height="800" id="3">
        <Element type="Box" x2_position="10800" y2_position="120" x_position="0" y_position="0" width="0" height="0">
          <BoxProperties>
            <Attribute name="background color" value="5598045"/>
            <Attribute name="close border on page break" value="true"/>
              <LineProperties>
                <Attribute name="style" value="0"/>
              </LineProperties>
          </BoxProperties>
        </Element>
        <Element type="Text" count="1" x_position="1200" y_position="150" width="3300" height="450">
          <Element type="Paragraph" count="1">
            <CommonProperties>
              <Attribute name="horizontal align" value="1"/>
            </CommonProperties>
            <Element type="TextPart">
            <![CDATA[FAKTUR]]>
            </Element>
          </Element>
        </Element>
      </Section>
    </Area>
    <Area type="ReportFooter" count="1">
      <Section type="ReportFooter" count="0" width="10800" height="800" id="4">
        <SectionProperties>
          <Attribute name="suppress" value="true"/>
        </SectionProperties>
      </Section>
    </Area>
  </AreaPair>

  <AreaPair type="DetailArea" id="1">
    <Area type="Detail" count="1">
      <Section type="Detail" count="0" width="10800" height="400" id="5">
        <SectionProperties>
          <Attribute name="background color" value="12704734"/>
        </SectionProperties>
      </Section>
    </Area>
  </AreaPair>

</inet:Report>
