<?xml version="1.0" encoding="UTF-8" standalone="yes" ?>

<inet:Report xmlns:inet="http://www.inetsoftware.de" major_version="8" minor_version="0" major_xml_version="7" minor_xml_version="9" count="3" id="0">
    <Datasource dll="dbsianok_configuration.dll">
      <DataSourceConfiguration name="dbsianok">
        <property name="aliasToken" value=""/>
        <property name="useCursorFetch" value="false"/>
        <property name="emulateLocators" value="false"/>
        <property name="host" value="localhost"/>
        <property name="noTimezoneConversionForTimeType" value="false"/>
        <property name="url" value="jdbc:mysql://{host}:{port}/{database}"/>
        <property name="connectionCollation" value=""/>
        <property name="prepStmtCacheSize" value="25"/>
        <property name="databaseClassName" value=""/>
        <property name="locatorFetchBufferSize" value="1048576"/>
        <property name="supportsOrderBy" value="true"/>
        <property name="defaultFetchSize" value="0"/>
        <property name="supportsSQL92" value="true"/>
        <property name="maxRows" value="-1"/>
        <property name="prepStmtCacheSqlLimit" value="256"/>
        <property name="paranoid" value="false"/>
        <property name="characterEncoding" value=""/>
        <property name="metadataCacheSize" value="50"/>
        <property name="dynamicCalendars" value="false"/>
        <property name="connectTimeout" value="0"/>
        <property name="blobSendChunkSize" value="1048576"/>
        <property name="validationQuery" value=""/>
        <property name="zeroDateTimeBehavior" value="exception"/>
        <property name="sessionVariables" value=""/>
        <property name="useFastIntParsing" value="true"/>
        <property name="useReadAheadInput" value="true"/>
        <property name="driverLibrary" value=""/>
        <property name="useGmtMillisForDatetimes" value="false"/>
        <property name="useCompression" value="false"/>
        <property name="clobCharacterEncoding" value=""/>
        <property name="useUnicode" value="true"/>
        <property name="driverClassName" value="com.mysql.jdbc.Driver"/>
        <property name="user" value="root"/>
        <property name="autoDeserialize" value="false"/>
        <property name="supportsWhere" value="true"/>
        <property name="emptyStringsConvertToZero" value="true"/>
        <property name="password" value="0065B50AF67B3EF0479079999F93B4B25865B54DC6F80D71FEF90E380101D0E8F2"/>
        <property name="cacheCallableStmts" value="false"/>
        <property name="identifierQuoteString" value=""/>
        <property name="port" value="3306"/>
        <property name="quotesLowerCase" value="false"/>
        <property name="useTimezone" value="false"/>
        <property name="socketTimeout" value="0"/>
        <property name="database" value="dbsianok"/>
        <property name="requireSSL" value="false"/>
        <property name="useSSL" value="false"/>
        <property name="serverTimezone" value=""/>
        <property name="supportsParenthesesForJoin" value="true"/>
        <property name="savePassword" value="true"/>
      </DataSourceConfiguration>
      <Tablesource alias="penjualan" databaseIdentifier="penjualan">
        <Column name="no_faktur" type="11" description="no_faktur" />
        <Column name="tanggal" type="11" description="tanggal" />
        <Column name="kd_costomer" type="11" description="kd_costomer" />
        <Column name="nm_costumer" type="11" description="nm_costumer" />
        <Column name="kd_barang" type="11" description="kd_barang" />
        <Column name="nm_barang" type="11" description="nm_barang" />
        <Column name="harga_jual" type="6" description="harga_jual" />
        <Column name="stock" type="6" description="stock" />
        <Column name="jumlah" type="6" description="jumlah" />
        <Column name="totalharga" type="6" description="totalharga" />
        <Column name="bayar" type="6" description="bayar" />
        <Column name="sisa" type="6" description="sisa" />
        <Column name="stock_akhir" type="6" description="stock_akhir" />
      </Tablesource>
    </Datasource>
  <Database>
    <QueryChanges mask="0" count="2">
      <Attribute name="queryChange" value="null"/>
      <Attribute name="queryChange" value="null"/>
    </QueryChanges>
  </Database>
  <FormulaFields count="0">
  </FormulaFields>

  <PromptFields count="0">
  </PromptFields>

  <SQLFields count="0">
  </SQLFields>

  <SummaryFields count="0">
  </SummaryFields>

  <SortFields count="0">
  </SortFields>

  <GroupNameFields count="0">
  </GroupNameFields>

  <ReportProperties>
    <Attribute name="page width" value="12240"/>
    <Attribute name="page height" value="15840"/>
    <Attribute name="page orientation" value="1"/>
    <Attribute name="page margin left" value="720"/>
    <Attribute name="page margin right" value="720"/>
    <Attribute name="page margin top" value="720"/>
    <Attribute name="page margin bottom" value="720"/>
    <Attribute name="report title" value="Report2"/>
    <Attribute name="report last saved" value="13 Apr 2018 19:45:47 GMT"/>
    <Attribute name="report created" value="3 Jun 2017 11:12:10 GMT"/>
    <Attribute name="mailing label type 1" value=""/>
    <Attribute name="mailing label type 2" value=""/>
    <Attribute name="format with multiple columns" value="false"/>
    <Attribute name="mailing label width" value="0"/>
    <Attribute name="mailing label height" value="0"/>
    <Attribute name="mailing label distance vertical" value="0"/>
    <Attribute name="mailing label distance horizontal" value="0"/>
    <Attribute name="across then down" value="false"/>
    <Attribute name="format groups with multiple columns" value="false"/>
    <Attribute name="distinct" value="false"/>
    <Attribute name="ignore filtering" value="false"/>
    <Attribute name="ignore sorting" value="false"/>
    <Attribute name="convert date time" value="0"/>
    <Attribute name="suppress if no rows" value="false"/>
    <Attribute name="convert null values to default" value="false"/>
    <Attribute name="hide PageFooter inside ReportHeader" value="false"/>
    <Attribute name="form print" value="false"/>
    <Attribute name="printing enabled" value="true"/>
    <Attribute name="clipboard enabled" value="true"/>
    <Attribute name="export enabled" value="true"/>
    <Attribute name="group tree visible" value="true"/>
  </ReportProperties>
  <AreaPair type="PageAreaPair" id="0">
    <Area type="PageHeader" count="1">
      <Section type="PageHeader" count="0" width="10800" height="800" id="0">
      </Section>
    </Area>
    <Area type="PageFooter" count="1">
      <Section type="PageFooter" count="0" width="10800" height="800" id="1">
      </Section>
    </Area>
  </AreaPair>

  <AreaPair type="ReportAreaPair" id="0">
    <Area type="ReportHeader" count="1">
      <Section type="ReportHeader" count="2" width="10800" height="6150" id="2">
        <Element type="Diagram" x_position="1650" y_position="1800" width="7800" height="3900">
          <ChartProperties>
            <SourcesFields count="1" name="sources">
                <Field type="SummaryField" id="-1" valueType="6">
                  <Attribute name="name" value=""/>
                  <Reference name="id" type="DatabaseField" refname="penjualan.totalharga"/>
                  <Attribute name="operation" value="0"/>
                  <Attribute name="summary_nth" value="1"/>
                  <Attribute name="summary_type" value="2"/>
                  <Attribute name="chartFieldSelect" value="2"/>
                  <Attribute name="group number type" value="3"/>
                  <Attribute name="show as percent value" value="false"/>
                  <Attribute name="execute on db" value="false"/>
                </Field>
            </SourcesFields>

            <XSourceVFields count="1" name="xsourcesV">
              <Reference name="xsourceV" type="DatabaseField" refname="penjualan.tanggal"/>
            </XSourceVFields>

            <ChartGroupProperties count="1" name="groups">
                <Attribute name="sort_type" value="0"/>
                <Attribute name="print section" value="0"/>
                <Attribute name="customize group name" value="0"/>
                <GroupBySummary>
                </GroupBySummary>
            </ChartGroupProperties>

            <Attribute name="chart type" value="42"/>
            <Attribute name="dataType" value="44"/>
            <Attribute name="doublegroup" value="false"/>
            <Attribute name="chartType" value="798"/>
            <Attribute name="title" value="Diagram Lingkaran"/>
            <Attribute name="footNote" value="Total Harga"/>
            <Attribute name="legendPlacement" value="3"/>
            <Attribute name="markerSize" value="2"/>
            <Attribute name="markerShape" value="-1"/>
            <Attribute name="dataPoints" value="3"/>
            <Attribute name="dataPointsFormat" value="0"/>
            <Attribute name="pieLegend" value="3"/>
            <Attribute name="chart title auto text" value="false"/>
            <Attribute name="footer auto text" value="false"/>
            <Attribute name="percentOfChartWidthForXLabel" value="100"/>
            <Attribute name="yStepWidth" value="0.0"/>
          </ChartProperties>

        </Element>
        <Element type="Text" count="3" x_position="1350" y_position="1050" width="7200" height="750">
          <Element type="Paragraph" count="2">
            <CommonProperties>
              <Attribute name="horizontal align" value="1"/>
            </CommonProperties>
            <Element type="TextPart">
            <![CDATA[                                     ]]>
            </Element>
            <Element type="TextPart">
              <FontProperties>
                <Attribute name="font size" value="280"/>
                <Attribute name="font style" value="1"/>
              </FontProperties>
            <![CDATA[ LAPORAN DIAGRAM LINGKARAN]]>
            </Element>
          </Element>
          <Element type="Paragraph" count="1">
            <CommonProperties>
              <Attribute name="horizontal align" value="1"/>
            </CommonProperties>
            <Element type="TextPart">
              <FontProperties>
                <Attribute name="font size" value="290"/>
                <Attribute name="font style" value="1"/>
              </FontProperties>
            <![CDATA[Toko RONI KOMPUTER]]>
            </Element>
          </Element>
          <Element type="Paragraph" count="2">
            <CommonProperties>
              <Attribute name="horizontal align" value="1"/>
            </CommonProperties>
            <Element type="TextPart">
              <FontProperties>
                <Attribute name="font size" value="280"/>
                <Attribute name="font style" value="1"/>
              </FontProperties>
            <![CDATA[Jalan UjungGurun No. 45 A ]]>
            </Element>
            <Element type="TextPart">
            <![CDATA[]]>
            </Element>
          </Element>
        </Element>
      </Section>
    </Area>
    <Area type="ReportFooter" count="1">
      <Section type="ReportFooter" count="0" width="10800" height="800" id="3">
      </Section>
    </Area>
  </AreaPair>

  <AreaPair type="DetailArea" id="1">
    <Area type="Detail" count="1">
      <Section type="Detail" count="0" width="10800" height="400" id="4">
      </Section>
    </Area>
  </AreaPair>

</inet:Report>
